       Fresh version_check v0.9.5
       Fresh cfg-if v1.0.4
       Fresh vcpkg v0.2.15
       Fresh typenum v1.19.0
       Fresh subtle v2.6.1
       Fresh pkg-config v0.3.34
       Fresh foldhash v0.2.0
       Fresh base64ct v1.8.3
       Fresh libc v0.2.182
       Fresh generic-array v0.14.7
       Fresh zerocopy v0.8.39
       Fresh hashbrown v0.17.1
       Fresh cpufeatures v0.2.17
       Fresh smallvec v1.16.0
       Fresh bitflags v2.13.1
       Fresh getrandom v0.2.17
       Fresh crypto-common v0.1.7
       Fresh block-buffer v0.10.4
       Fresh ppv-lite86 v0.2.21
       Fresh hashlink v0.12.1
       Fresh fallible-iterator v0.3.0
       Fresh fallible-streaming-iterator v0.1.9
       Fresh rand_core v0.6.4
       Fresh digest v0.10.7
       Fresh libsqlite3-sys v0.38.2
       Fresh rand_core v0.10.0
       Fresh rand_chacha v0.3.1
       Fresh blake2 v0.10.6
       Fresh password-hash v0.5.0
       Fresh rusqlite v0.40.2
       Fresh rand v0.8.5
       Fresh argon2 v0.5.3
   Compiling password-manager v0.1.0 (/home/miyamoto-musashi/code/personal/password-manager)
     Running `CARGO=/home/miyamoto-musashi/.rustup/toolchains/stable-x86_64-unknown-linux-gnu/bin/cargo CARGO_BIN_NAME=password-manager CARGO_CRATE_NAME=password_manager CARGO_MANIFEST_DIR=/home/miyamoto-musashi/code/personal/password-manager CARGO_MANIFEST_PATH=/home/miyamoto-musashi/code/personal/password-manager/Cargo.toml CARGO_PKG_AUTHORS='' CARGO_PKG_DESCRIPTION='' CARGO_PKG_HOMEPAGE='' CARGO_PKG_LICENSE='' CARGO_PKG_LICENSE_FILE='' CARGO_PKG_NAME=password-manager CARGO_PKG_README='' CARGO_PKG_REPOSITORY='' CARGO_PKG_RUST_VERSION='' CARGO_PKG_VERSION=0.1.0 CARGO_PKG_VERSION_MAJOR=0 CARGO_PKG_VERSION_MINOR=1 CARGO_PKG_VERSION_PATCH=0 CARGO_PKG_VERSION_PRE='' CARGO_PRIMARY_PACKAGE=1 CARGO_SBOM_PATH='' LD_LIBRARY_PATH='/home/miyamoto-musashi/code/personal/password-manager/target/debug/deps:/home/miyamoto-musashi/.rustup/toolchains/stable-x86_64-unknown-linux-gnu/lib' /home/miyamoto-musashi/.rustup/toolchains/stable-x86_64-unknown-linux-gnu/bin/rustc --crate-name password_manager --edition=2024 src/main.rs --error-format=json --json=diagnostic-rendered-ansi,artifacts,future-incompat --crate-type bin --emit=dep-info,link -C embed-bitcode=no -C debuginfo=2 --check-cfg 'cfg(docsrs,test)' --check-cfg 'cfg(feature, values())' -C metadata=2fcf28d14dc27750 -C extra-filename=-cac91e00e20bd9e0 --out-dir /home/miyamoto-musashi/code/personal/password-manager/target/debug/deps -C incremental=/home/miyamoto-musashi/code/personal/password-manager/target/debug/incremental -L dependency=/home/miyamoto-musashi/code/personal/password-manager/target/debug/deps --extern argon2=/home/miyamoto-musashi/code/personal/password-manager/target/debug/deps/libargon2-d592a132908a8e15.rlib --extern rand=/home/miyamoto-musashi/code/personal/password-manager/target/debug/deps/librand-a1259bd07bfecdf8.rlib --extern rand_core=/home/miyamoto-musashi/code/personal/password-manager/target/debug/deps/librand_core-a02883aaaf10bc86.rlib --extern rusqlite=/home/miyamoto-musashi/code/personal/password-manager/target/debug/deps/librusqlite-3990c80aa7879a0b.rlib`
warning: function `hash_password` is never used
 --> src/auth.rs:8:8
  |
8 | pub fn hash_password(password: &str) -> Result<String, Error> {
  |        ^^^^^^^^^^^^^
  |
  = note: `#[warn(dead_code)]` (part of `#[warn(unused)]`) on by default

warning: function `get_user_input` is never used
 --> src/input.rs:3:8
  |
3 | pub fn get_user_input() -> String {
  |        ^^^^^^^^^^^^^^

error: linking with `cc` failed: exit status: 1
  |
  = note:  "cc" "-m64" "/tmp/rustcYVBJJD/symbols.o" "<36 object files omitted>" "-Wl,--as-needed" "-Wl,-Bstatic" "/home/miyamoto-musashi/code/personal/password-manager/target/debug/deps/{librusqlite-3990c80aa7879a0b,libbitflags-5de0c61781da0e67,libsmallvec-941c6d28cbe55b27,libhashlink-5303369bedcca4b9,libhashbrown-e473245fce526868,libfoldhash-64e8649fe2c46076,liblibsqlite3_sys-8e68a32b1358e2dc,libfallible_streaming_iterator-02992360d78d28e2,libfallible_iterator-89c864d592901159,librand-a1259bd07bfecdf8,librand_chacha-5ab30a1bd32982c7,libppv_lite86-8b21ea8f496e802a,libzerocopy-01cd04a58e8782d6,libargon2-d592a132908a8e15,libcpufeatures-8ecad47d6fded137,libblake2-c9f78c49f253db8a,libdigest-6c9561050e44c30b,libblock_buffer-a74feccb0c0c61e4,libcrypto_common-d1b6ef20977cf17d,libgeneric_array-364f10f2f8a3af66,libtypenum-2c53647c7aeff1d6,libpassword_hash-ce6ba88acf496a22,libsubtle-a2faeaca93f75ae1,libbase64ct-46455c46b350e93d,librand_core-1dea1b5cd4602ac8,libgetrandom-8727cd4f494f15ae,liblibc-43b08553b7e99b31,libcfg_if-2d20780be38939e6}.rlib" "<sysroot>/lib/rustlib/x86_64-unknown-linux-gnu/lib/{libstd-*,libpanic_unwind-*,libobject-*,libmemchr-*,libaddr2line-*,libgimli-*,libcfg_if-*,librustc_demangle-*,libstd_detect-*,libhashbrown-*,librustc_std_workspace_alloc-*,libminiz_oxide-*,libadler2-*,libunwind-*,liblibc-*,librustc_std_workspace_core-*,liballoc-*,libcore-*,libcompiler_builtins-*}.rlib" "-Wl,-Bdynamic" "-lsqlite3" "-lc" "-lm" "-lrt" "-lpthread" "-lgcc_s" "-lutil" "-lrt" "-lpthread" "-lm" "-ldl" "-lc" "-L" "/tmp/rustcYVBJJD/raw-dylibs" "-B<sysroot>/lib/rustlib/x86_64-unknown-linux-gnu/bin/gcc-ld" "-fuse-ld=lld" "-Wl,--eh-frame-hdr" "-Wl,-z,noexecstack" "-L" "<sysroot>/lib/rustlib/x86_64-unknown-linux-gnu/lib" "-o" "/home/miyamoto-musashi/code/personal/password-manager/target/debug/deps/password_manager-cac91e00e20bd9e0" "-Wl,--gc-sections" "-pie" "-Wl,-z,relro,-z,now" "-nodefaultlibs"
  = note: some arguments are omitted. use `--verbose` to show all linker arguments
  = note: rust-lld: error: unable to find library -lsqlite3
          collect2: error: ld returned 1 exit status
          

warning: `password-manager` (bin "password-manager") generated 2 warnings
error: could not compile `password-manager` (bin "password-manager") due to 1 previous error; 2 warnings emitted

Caused by:
  process didn't exit successfully: `CARGO=/home/miyamoto-musashi/.rustup/toolchains/stable-x86_64-unknown-linux-gnu/bin/cargo CARGO_BIN_NAME=password-manager CARGO_CRATE_NAME=password_manager CARGO_MANIFEST_DIR=/home/miyamoto-musashi/code/personal/password-manager CARGO_MANIFEST_PATH=/home/miyamoto-musashi/code/personal/password-manager/Cargo.toml CARGO_PKG_AUTHORS='' CARGO_PKG_DESCRIPTION='' CARGO_PKG_HOMEPAGE='' CARGO_PKG_LICENSE='' CARGO_PKG_LICENSE_FILE='' CARGO_PKG_NAME=password-manager CARGO_PKG_README='' CARGO_PKG_REPOSITORY='' CARGO_PKG_RUST_VERSION='' CARGO_PKG_VERSION=0.1.0 CARGO_PKG_VERSION_MAJOR=0 CARGO_PKG_VERSION_MINOR=1 CARGO_PKG_VERSION_PATCH=0 CARGO_PKG_VERSION_PRE='' CARGO_PRIMARY_PACKAGE=1 CARGO_SBOM_PATH='' LD_LIBRARY_PATH='/home/miyamoto-musashi/code/personal/password-manager/target/debug/deps:/home/miyamoto-musashi/.rustup/toolchains/stable-x86_64-unknown-linux-gnu/lib' /home/miyamoto-musashi/.rustup/toolchains/stable-x86_64-unknown-linux-gnu/bin/rustc --crate-name password_manager --edition=2024 src/main.rs --error-format=json --json=diagnostic-rendered-ansi,artifacts,future-incompat --crate-type bin --emit=dep-info,link -C embed-bitcode=no -C debuginfo=2 --check-cfg 'cfg(docsrs,test)' --check-cfg 'cfg(feature, values())' -C metadata=2fcf28d14dc27750 -C extra-filename=-cac91e00e20bd9e0 --out-dir /home/miyamoto-musashi/code/personal/password-manager/target/debug/deps -C incremental=/home/miyamoto-musashi/code/personal/password-manager/target/debug/incremental -L dependency=/home/miyamoto-musashi/code/personal/password-manager/target/debug/deps --extern argon2=/home/miyamoto-musashi/code/personal/password-manager/target/debug/deps/libargon2-d592a132908a8e15.rlib --extern rand=/home/miyamoto-musashi/code/personal/password-manager/target/debug/deps/librand-a1259bd07bfecdf8.rlib --extern rand_core=/home/miyamoto-musashi/code/personal/password-manager/target/debug/deps/librand_core-a02883aaaf10bc86.rlib --extern rusqlite=/home/miyamoto-musashi/code/personal/password-manager/target/debug/deps/librusqlite-3990c80aa7879a0b.rlib` (exit status: 1)
